# chartsnap: snapshot_version=v3
---
# Source: kong/templates/service-account.yaml
apiVersion: v1
kind: ServiceAccount
metadata:
  name: chartsnap-kong
  namespace: default
  labels:
    app.kubernetes.io/name: kong
    helm.sh/chart: kong-3.4.0
    app.kubernetes.io/instance: "chartsnap"
    app.kubernetes.io/managed-by: "Helm"
    app.kubernetes.io/version: "3.15"
---
# Source: kong/templates/service-kong-manager.yaml
apiVersion: v1
kind: Service
metadata:
  name: chartsnap-kong-manager
  namespace: default
  labels:
    app.kubernetes.io/name: kong
    helm.sh/chart: kong-3.4.0
    app.kubernetes.io/instance: "chartsnap"
    app.kubernetes.io/managed-by: "Helm"
    app.kubernetes.io/version: "3.15"
spec:
  type: NodePort
  ports:
  - name: kong-manager
    port: 8002
    targetPort: 8002
    protocol: TCP
  - name: kong-manager-tls
    port: 8445
    targetPort: 8445
    protocol: TCP
  selector:
    app.kubernetes.io/name: kong
    app.kubernetes.io/component: app
    app.kubernetes.io/instance: "chartsnap"
---
# Source: kong/templates/service-kong-proxy.yaml
apiVersion: v1
kind: Service
metadata:
  name: chartsnap-kong-proxy
  namespace: default
  labels:
    app.kubernetes.io/name: kong
    helm.sh/chart: kong-3.4.0
    app.kubernetes.io/instance: "chartsnap"
    app.kubernetes.io/managed-by: "Helm"
    app.kubernetes.io/version: "3.15"
    enable-metrics: "true"
spec:
  type: LoadBalancer
  ports:
  - name: kong-proxy
    port: 80
    targetPort: 8000
    protocol: TCP
  - name: kong-proxy-tls
    port: 443
    targetPort: 8443
    protocol: TCP
  selector:
    app.kubernetes.io/name: kong
    app.kubernetes.io/component: app
    app.kubernetes.io/instance: "chartsnap"
---
# Source: kong/templates/deployment.yaml
apiVersion: apps/v1
kind: Deployment
metadata:
  name: chartsnap-kong
  namespace: default
  labels:
    app.kubernetes.io/name: kong
    helm.sh/chart: kong-3.4.0
    app.kubernetes.io/instance: "chartsnap"
    app.kubernetes.io/managed-by: "Helm"
    app.kubernetes.io/version: "3.15"
    app.kubernetes.io/component: app
spec:
  replicas: 1
  revisionHistoryLimit: 10
  selector:
    matchLabels:
      app.kubernetes.io/name: kong
      app.kubernetes.io/component: app
      app.kubernetes.io/instance: "chartsnap"
  template:
    metadata:
      annotations:
        kuma.io/service-account-token-volume: chartsnap-kong-token
        kuma.io/gateway: "enabled"
        traffic.sidecar.istio.io/includeInboundPorts: ""
      labels:
        app.kubernetes.io/name: kong
        helm.sh/chart: kong-3.4.0
        app.kubernetes.io/instance: "chartsnap"
        app.kubernetes.io/managed-by: "Helm"
        app.kubernetes.io/version: "3.15"
        app.kubernetes.io/component: app
        app: chartsnap-kong
        version: "3.15"
    spec:
      serviceAccountName: chartsnap-kong
      automountServiceAccountToken: false
      initContainers:
      containers:
      - name: "proxy"
        image: kong/kong-gateway-dev:3.15.0.0-rc.5-distroless
        imagePullPolicy: IfNotPresent
        securityContext:
          allowPrivilegeEscalation: false
          capabilities:
            drop:
            - ALL
          readOnlyRootFilesystem: true
          runAsGroup: 1000
          runAsNonRoot: true
          runAsUser: 1000
          seccompProfile:
            type: RuntimeDefault
        env:
        - name: KONG_ADMIN_ACCESS_LOG
          value: "/dev/stdout"
        - name: KONG_ADMIN_ERROR_LOG
          value: "/dev/stderr"
        - name: KONG_ADMIN_GUI_ACCESS_LOG
          value: "/dev/stdout"
        - name: KONG_ADMIN_GUI_ERROR_LOG
          value: "/dev/stderr"
        - name: KONG_ADMIN_LISTEN
          value: "127.0.0.1:8444 http2 ssl, [::1]:8444 http2 ssl"
        - name: KONG_ANONYMOUS_REPORTS
          value: "off"
        - name: KONG_CLUSTER_LISTEN
          value: "off"
        - name: KONG_DATABASE
          value: "off"
        - name: KONG_LUA_PACKAGE_PATH
          value: "/opt/?.lua;/opt/?/init.lua;;"
        - name: KONG_NGINX_WORKER_PROCESSES
          value: "2"
        - name: KONG_PORTAL_API_ACCESS_LOG
          value: "/dev/stdout"
        - name: KONG_PORTAL_API_ERROR_LOG
          value: "/dev/stderr"
        - name: KONG_PORT_MAPS
          value: "80:8000, 443:8443"
        - name: KONG_PREFIX
          value: "/kong_prefix/"
        - name: KONG_PROXY_ACCESS_LOG
          value: "/dev/stdout"
        - name: KONG_PROXY_ERROR_LOG
          value: "/dev/stderr"
        - name: KONG_PROXY_LISTEN
          value: "0.0.0.0:8000, [::]:8000, 0.0.0.0:8443 http2 ssl, [::]:8443 http2 ssl"
        - name: KONG_PROXY_STREAM_ACCESS_LOG
          value: "/dev/stdout basic"
        - name: KONG_PROXY_STREAM_ERROR_LOG
          value: "/dev/stderr"
        - name: KONG_ROUTER_FLAVOR
          value: "traditional"
        - name: KONG_STATUS_ACCESS_LOG
          value: "off"
        - name: KONG_STATUS_ERROR_LOG
          value: "/dev/stderr"
        - name: KONG_STATUS_LISTEN
          value: "0.0.0.0:8100, [::]:8100"
        - name: KONG_STREAM_LISTEN
          value: "off"
        - name: KONG_NGINX_DAEMON
          value: "off"
        lifecycle:
          preStop:
            exec:
              command:
              - kong
              - quit
              - --wait=15
        ports:
        - name: proxy
          containerPort: 8000
          protocol: TCP
        - name: proxy-tls
          containerPort: 8443
          protocol: TCP
        - name: status
          containerPort: 8100
          protocol: TCP
        volumeMounts:
        - name: chartsnap-kong-prefix-dir
          mountPath: /kong_prefix/
        - name: chartsnap-kong-tmp
          mountPath: /tmp
        readinessProbe:
          failureThreshold: 3
          httpGet:
            path: /status/ready
            port: status
            scheme: HTTP
          initialDelaySeconds: 1
          periodSeconds: 1
          successThreshold: 1
          timeoutSeconds: 5
        livenessProbe:
          failureThreshold: 3
          httpGet:
            path: /status
            port: status
            scheme: HTTP
          initialDelaySeconds: 5
          periodSeconds: 10
          successThreshold: 1
          timeoutSeconds: 5
        resources: {}
      securityContext:
        seccompProfile:
          type: RuntimeDefault
      terminationGracePeriodSeconds: 30
      volumes:
      - name: chartsnap-kong-prefix-dir
        emptyDir:
          sizeLimit: 256Mi
      - name: chartsnap-kong-tmp
        emptyDir:
          sizeLimit: 1Gi
      - name: chartsnap-kong-token
        projected:
          sources:
          - serviceAccountToken:
              expirationSeconds: 3607
              path: token
          - configMap:
              items:
              - key: ca.crt
                path: ca.crt
              name: kube-root-ca.crt
          - downwardAPI:
              items:
              - fieldRef:
                  apiVersion: v1
                  fieldPath: metadata.namespace
                path: namespace
